[INFO] Scanning for projects...
[INFO] 
[INFO] ----------------------< com.stemlink:skillmentor >----------------------
[INFO] Building skillmentor 0.0.1-SNAPSHOT
[INFO]   from pom.xml
[INFO] --------------------------------[ jar ]---------------------------------
[INFO] 
[INFO] --- clean:3.5.0:clean (default-clean) @ skillmentor ---
[INFO] Deleting E:\PROJECTS\STEM\skillmentor\skillmentor\target
[INFO] 
[INFO] --- resources:3.3.1:resources (default-resources) @ skillmentor ---
[INFO] Copying 3 resources from src\main\resources to target\classes
[INFO] Copying 0 resource from src\main\resources to target\classes
[INFO] 
[INFO] --- compiler:3.14.1:compile (default-compile) @ skillmentor ---
[INFO] Recompiling the module because of changed source code.
[INFO] Compiling 29 source files with javac [debug parameters release 21] to target\classes
[INFO] -------------------------------------------------------------
[ERROR] COMPILATION ERROR : 
[INFO] -------------------------------------------------------------
[ERROR] /E:/PROJECTS/STEM/skillmentor/skillmentor/src/main/java/com/stemlink/skillmentor/configs/SecurityConfig.java:[25,19] cannot find symbol
  symbol:   class AuthenticationFilter
  location: class com.stemlink.skillmentor.configs.SecurityConfig
[ERROR] /E:/PROJECTS/STEM/skillmentor/skillmentor/src/main/java/com/stemlink/skillmentor/configs/SecurityConfig.java:[22,1] cannot find symbol
  symbol:   class AuthenticationFilter
  location: class com.stemlink.skillmentor.configs.SecurityConfig
[INFO] 2 errors 
[INFO] -------------------------------------------------------------
[INFO] ------------------------------------------------------------------------
[INFO] BUILD FAILURE
[INFO] ------------------------------------------------------------------------
[INFO] Total time:  11.256 s
[INFO] Finished at: 2026-01-18T20:41:18+05:30
[INFO] ------------------------------------------------------------------------
[ERROR] Failed to execute goal org.apache.maven.plugins:maven-compiler-plugin:3.14.1:compile (default-compile) on project skillmentor: Compilation failure: Compilation failure: 
[ERROR] /E:/PROJECTS/STEM/skillmentor/skillmentor/src/main/java/com/stemlink/skillmentor/configs/SecurityConfig.java:[25,19] cannot find symbol
[ERROR]   symbol:   class AuthenticationFilter
[ERROR]   location: class com.stemlink.skillmentor.configs.SecurityConfig
[ERROR] /E:/PROJECTS/STEM/skillmentor/skillmentor/src/main/java/com/stemlink/skillmentor/configs/SecurityConfig.java:[22,1] cannot find symbol
[ERROR]   symbol:   class AuthenticationFilter
[ERROR]   location: class com.stemlink.skillmentor.configs.SecurityConfig
[ERROR] -> [Help 1]
[ERROR] 
[ERROR] To see the full stack trace of the errors, re-run Maven with the -e switch.
[ERROR] Re-run Maven using the -X switch to enable full debug logging.
[ERROR] 
[ERROR] For more information about the errors and possible solutions, please read the following articles:
[ERROR] [Help 1] http://cwiki.apache.org/confluence/display/MAVEN/MojoFailureException
