[INFO] Scanning for projects...
[INFO] 
[INFO] ----------------------< com.stemlink:skillmentor >----------------------
[INFO] Building skillmentor 0.0.1-SNAPSHOT
[INFO]   from pom.xml
[INFO] --------------------------------[ jar ]---------------------------------
[INFO] 
[INFO] --- resources:3.3.1:resources (default-resources) @ skillmentor ---
[INFO] Copying 1 resource from src\main\resources to target\classes
[INFO] Copying 0 resource from src\main\resources to target\classes
[INFO] 
[INFO] --- compiler:3.14.1:compile (default-compile) @ skillmentor ---
[INFO] Recompiling the module because of changed source code.
[INFO] Compiling 19 source files with javac [debug parameters release 21] to target\classes
[INFO] -------------------------------------------------------------
[ERROR] COMPILATION ERROR : 
[INFO] -------------------------------------------------------------
[ERROR] /C:/Users/sachi/Downloads/skillmentor/skillmentor/src/main/java/com/stemlink/skillmentor/services/impl/MentorServiceImpl.java:[23,8] com.stemlink.skillmentor.services.impl.MentorServiceImpl is not abstract and does not override abstract method getAllMentors(java.awt.print.Pageable) in com.stemlink.skillmentor.services.MentorService
[INFO] 1 error
[INFO] -------------------------------------------------------------
[INFO] ------------------------------------------------------------------------
[INFO] BUILD FAILURE
[INFO] ------------------------------------------------------------------------
[INFO] Total time:  7.098 s
[INFO] Finished at: 2026-01-11T10:06:14+05:30
[INFO] ------------------------------------------------------------------------
[ERROR] Failed to execute goal org.apache.maven.plugins:maven-compiler-plugin:3.14.1:compile (default-compile) on project skillmentor: Compilation failure
[ERROR] /C:/Users/sachi/Downloads/skillmentor/skillmentor/src/main/java/com/stemlink/skillmentor/services/impl/MentorServiceImpl.java:[23,8] com.stemlink.skillmentor.services.impl.MentorServiceImpl is not abstract and does not override abstract method getAllMentors(java.awt.print.Pageable) in com.stemlink.skillmentor.services.MentorService
[ERROR] 
[ERROR] -> [Help 1]
[ERROR] 
[ERROR] To see the full stack trace of the errors, re-run Maven with the -e switch.
[ERROR] Re-run Maven using the -X switch to enable full debug logging.
[ERROR] 
[ERROR] For more information about the errors and possible solutions, please read the following articles:
[ERROR] [Help 1] http://cwiki.apache.org/confluence/display/MAVEN/MojoFailureException
